// Jest Snapshot v1, https://goo.gl/fbAQLP

exports[`AddIncome Component Renders the UI as expected 1`] = `[Function]`;
